GIT 
-Tools to manage Code (Version control tool)
Github
- Central repository of your code + git

…or create a new repository on the command line
echo "# Repo_1" >> README.md
git init
git add .
$ git config user.email ="dhruvi4025@gmail.com"
$ git config user.name ="dhruvi4025"
git commit -m "first commit"
git branch -M main
git remote add origin https://github.com/dhruvi4025/Repo_1.git
git push -u origin main


…or push an existing repository from the command line
git remote add origin https://github.com/dhruvi4025/Repo_1.git
git branch -M main
git push -u origin main



DHRUVI@DESKTOP-EOE987B MINGW64 /d/DataScince_Class/Python/Level_2
$ p^C

DHRUVI@DESKTOP-EOE987B MINGW64 /d/DataScince_Class/Python/Level_2
$  source /d/DataScince_Class/Python/Level_2/.venv/Scripts/activate
(.venv)
DHRUVI@DESKTOP-EOE987B MINGW64 /d/DataScince_Class/Python/Level_2
$ d
bash: d: command not found
(.venv)
DHRUVI@DESKTOP-EOE987B MINGW64 /d/DataScince_Class/Python/Level_2
$ cd D:/DataScince_Class/Python/Level_2/Lectures/28-02-2026      
(.venv)
DHRUVI@DESKTOP-EOE987B MINGW64 /d/DataScince_Class/Python/Level_2/Lectures/28-02-2026
$ git init
Initialized empty Git repository in D:/DataScince_Class/Python/Level_2/Lectures/28-02-2026/.git/
(.venv)
DHRUVI@DESKTOP-EOE987B MINGW64 /d/DataScince_Class/Python/Level_2/Lectures/28-02-2026 (master)
$ git add README.md
fatal: pathspec 'README.md' did not match any files
(.venv) 
DHRUVI@DESKTOP-EOE987B MINGW64 /d/DataScince_Class/Python/Level_2/Lectures/28-02-2026 (master)
$ git add .
warning: in the working copy of '28-02-2026.ipynb', LF will be replaced by CRLF the next time Git touches it
(.venv) 
DHRUVI@DESKTOP-EOE987B MINGW64 /d/DataScince_Class/Python/Level_2/Lectures/28-02-2026 (master)
$ git commit -m "added 28 feb 2026  notebook"
[master (root-commit) 9aa59a2] added 28 feb 2026  notebook
 3 files changed, 2175 insertions(+)
 create mode 100644 28-02-2026.ipynb
 create mode 100644 Notes.txt
 create mode 100644 train.csv
(.venv) 
DHRUVI@DESKTOP-EOE987B MINGW64 /d/DataScince_Class/Python/Level_2/Lectures/28-02-2026 (master)
$ git
usage: git [-v | --version] [-h | --help] [-C <path>] [-c <name>=<value>]
           [--exec-path[=<path>]] [--html-path] [--man-path] [--info-path]
           [-p | --paginate | -P | --no-pager] [--no-replace-objects] [--no-lazy-fetch]
           [--no-optional-locks] [--no-advice] [--bare] [--git-dir=<path>]
           [--work-tree=<path>] [--namespace=<name>] [--config-env=<name>=<envvar>]
           <command> [<args>]

These are common Git commands used in various situations:        

start a working area (see also: git help tutorial)
   clone      Clone a repository into a new directory
   init       Create an empty Git repository or reinitialize an existing one

work on the current change (see also: git help everyday)
   add        Add file contents to the index
   mv         Move or rename a file, a directory, or a symlink   
   restore    Restore working tree files
   rm         Remove files from the working tree and from the index

examine the history and state (see also: git help revisions)     
   bisect     Use binary search to find the commit that introduced a bug
   diff       Show changes between commits, commit and working tree, etc
   grep       Print lines matching a pattern
   log        Show commit logs
   show       Show various types of objects
   status     Show the working tree status

grow, mark and tweak your common history
   backfill   Download missing objects in a partial clone        
   branch     List, create, or delete branches
   commit     Record changes to the repository
   merge      Join two or more development histories together    
   rebase     Reapply commits on top of another base tip
   reset      Reset current HEAD to the specified state
   switch     Switch branches
   tag        Create, list, delete or verify tags

collaborate (see also: git help workflows)
   fetch      Download objects and refs from another repository  
   pull       Fetch from and integrate with another repository or a local branch
   push       Update remote refs along with associated objects   

'git help -a' and 'git help -g' list available subcommands and some
concept guides. See 'git help <command>' or 'git help <concept>' 
to read about a specific subcommand or concept.
See 'git help git' for an overview of the system.
(.venv) 
DHRUVI@DESKTOP-EOE987B MINGW64 /d/DataScince_Class/Python/Level_2/Lectures/28-02-2026 (master)
$ git config user.email ="dhruvi4025@gmail.com"
(.venv) 
DHRUVI@DESKTOP-EOE987B MINGW64 /d/DataScince_Class/Python/Level_2/Lectures/28-02-2026 (master)
$ git config user.name ="dhruvi4025"
(.venv) 
DHRUVI@DESKTOP-EOE987B MINGW64 /d/DataScince_Class/Python/Level_2/Lectures/28-02-2026 (master)
$ git branch -m main
(.venv) 
DHRUVI@DESKTOP-EOE987B MINGW64 /d/DataScince_Class/Python/Level_2/Lectures/28-02-2026 (main)
$ git status
On branch main
nothing to commit, working tree clean
(.venv) 
DHRUVI@DESKTOP-EOE987B MINGW64 /d/DataScince_Class/Python/Level_2/Lectures/28-02-2026 (main)
$ git remote add origin https://github.com/dhruvi4025/Repo_1.git
(.venv) 
DHRUVI@DESKTOP-EOE987B MINGW64 /d/DataScince_Class/Python/Level_2/Lectures/28-02-2026 (main)
$ git push -u origin main
Enumerating objects: 5, done.
Counting objects: 100% (5/5), done.
$ git config user.email ="dhruvi4025@gmail.com"
(.venv)
DHRUVI@DESKTOP-EOE987B MINGW64 /d/DataScince_Class/Python/Level_2/Lectures/28-02-2026 (master)
$ git config user.name ="dhruvi4025"
(.venv)
DHRUVI@DESKTOP-EOE987B MINGW64 /d/DataScince_Class/Python/Level_2/Lectures/28-02-2026 (master)
$ git branch -m main
(.venv)
DHRUVI@DESKTOP-EOE987B MINGW64 /d/DataScince_Class/Python/Level_2/Lectures/28-02-2026 (main)
$ git status
On branch main
nothing to commit, working tree clean
(.venv)
DHRUVI@DESKTOP-EOE987B MINGW64 /d/DataScince_Class/Python/Level_2/Lectures/28-02-2026 (main)
$ git remote add origin https://github.com/dhruvi4025/Repo_1.git 
(.venv)
DHRUVI@DESKTOP-EOE987B MINGW64 /d/DataScince_Class/Python/Level_2/Lectures/28-02-2026 (main)
$ git push -u origin main
Enumerating objects: 5, done.
Counting objects: 100% (5/5), done.
DHRUVI@DESKTOP-EOE987B MINGW64 /d/DataScince_Class/Python/Level_2/Lectures/28-02-2026 (main)
$ git status
On branch main
nothing to commit, working tree clean
(.venv)
DHRUVI@DESKTOP-EOE987B MINGW64 /d/DataScince_Class/Python/Level_2/Lectures/28-02-2026 (main)
$ git remote add origin https://github.com/dhruvi4025/Repo_1.git 
(.venv)
DHRUVI@DESKTOP-EOE987B MINGW64 /d/DataScince_Class/Python/Level_2/Lectures/28-02-2026 (main)
$ git push -u origin main
Enumerating objects: 5, done.
Counting objects: 100% (5/5), done.
(.venv)
DHRUVI@DESKTOP-EOE987B MINGW64 /d/DataScince_Class/Python/Level_2/Lectures/28-02-2026 (main)
$ git push -u origin main
Enumerating objects: 5, done.
Counting objects: 100% (5/5), done.
Delta compression using up to 8 threads
Compressing objects: 100% (5/5), done.
Writing objects: 100% (5/5), 25.92 KiB | 215.00 KiB/s, done.     
Total 5 (delta 0), reused 0 (delta 0), pack-reused 0 (from 0)    
To https://github.com/dhruvi4025/Repo_1.git
Compressing objects: 100% (5/5), done.
Writing objects: 100% (5/5), 25.92 KiB | 215.00 KiB/s, done.     
Total 5 (delta 0), reused 0 (delta 0), pack-reused 0 (from 0)    
To https://github.com/dhruvi4025/Repo_1.git
To https://github.com/dhruvi4025/Repo_1.git
 * [new branch]      main -> main
branch 'main' set up to track 'origin/main'.
(.venv)
DHRUVI@DESKTOP-EOE987B MINGW64 /d/DataScince_Class/Python/Level_2/Lectures/28-02-2026 (main)
$










